Added Options:
	--terse-printer				prints failed tests only

Test Selection:
	--gtest_filter				run only specific tests
		--gtest_filter=*						Runs everything, due to the single match-everything * value
		--gtest_filter=FooTest.*				Runs everything in test case FooTest.
		--gtest_filter=*Null*:*Constructor*		Runs any test whose full name contains either "Null" or "Constructor".
		--gtest_filter=-*DeathTest.*			Runs all non-death tests.
		--gtest_filter=FooTest.*-FooTest.Bar	Runs everything in test case FooTest except FooTest.Bar.
		 
	--gtest_list_tests			list all tests without running, terse_printer will not work
	--gtest_also_run_disabled_tests

Test Execution:
	--gtest_repeat
	--gtest_shuffle
	--gtest_random_seed
	
Test Output:
	--gtest_color=(yes|no|auto)
	--gtest_print_time=0
	--gtest_output=xml
	
Assertion Behavior:
	--gtest_break_on_failure
	--gtest_throw_on_failure
	--gtest_catch_exceptions

Other:
	--help  -?  /?

???????
	--gtest_internal_run_death_test








